[  113832ms] TypeError: Cannot read properties of undefined (reading 'toFixed')
    at formatter (http://localhost:4199/assets/DashboardPage-GVhS0wsq.js:1:10412)
    at t._showTooltipContent (http://localhost:4199/assets/echarts-Cfiu5z2J.js:26:2338)
    at t.<anonymous> (http://localhost:4199/assets/echarts-Cfiu5z2J.js:26:158)
    at t._showOrMove (http://localhost:4199/assets/echarts-Cfiu5z2J.js:24:54380)
    at t._showAxisTooltip (http://localhost:4199/assets/echarts-Cfiu5z2J.js:26:28)
    at t._tryShow (http://localhost:4199/assets/echarts-Cfiu5z2J.js:24:53879)
    at t.manuallyShowTip (http://localhost:4199/assets/echarts-Cfiu5z2J.js:24:52522)
    at b (http://localhost:4199/assets/echarts-Cfiu5z2J.js:22:54983)
    at t.<anonymous> (http://localhost:4199/assets/echarts-Cfiu5z2J.js:22:54880)
    at t.eachComponent (http://localhost:4199/assets/echarts-Cfiu5z2J.js:16:96687)
[  115067ms] TypeError: Cannot read properties of undefined (reading 'toFixed')
    at formatter (http://localhost:4199/assets/DashboardPage-GVhS0wsq.js:1:12555)
    at t._showTooltipContent (http://localhost:4199/assets/echarts-Cfiu5z2J.js:26:2338)
    at t.<anonymous> (http://localhost:4199/assets/echarts-Cfiu5z2J.js:26:158)
    at t._showOrMove (http://localhost:4199/assets/echarts-Cfiu5z2J.js:24:54380)
    at t._showAxisTooltip (http://localhost:4199/assets/echarts-Cfiu5z2J.js:26:28)
    at t._tryShow (http://localhost:4199/assets/echarts-Cfiu5z2J.js:24:53879)
    at t.manuallyShowTip (http://localhost:4199/assets/echarts-Cfiu5z2J.js:24:52522)
    at b (http://localhost:4199/assets/echarts-Cfiu5z2J.js:22:54983)
    at t.<anonymous> (http://localhost:4199/assets/echarts-Cfiu5z2J.js:22:54880)
    at t.eachComponent (http://localhost:4199/assets/echarts-Cfiu5z2J.js:16:96687)
[  141561ms] TypeError: Cannot read properties of undefined (reading 'toFixed')
    at formatter (http://localhost:4199/assets/DashboardPage-GVhS0wsq.js:1:10412)
    at t._showTooltipContent (http://localhost:4199/assets/echarts-Cfiu5z2J.js:26:2338)
    at t.<anonymous> (http://localhost:4199/assets/echarts-Cfiu5z2J.js:26:158)
    at t._showOrMove (http://localhost:4199/assets/echarts-Cfiu5z2J.js:24:54380)
    at t._showAxisTooltip (http://localhost:4199/assets/echarts-Cfiu5z2J.js:26:28)
    at t._tryShow (http://localhost:4199/assets/echarts-Cfiu5z2J.js:24:53879)
    at t.manuallyShowTip (http://localhost:4199/assets/echarts-Cfiu5z2J.js:24:52522)
    at b (http://localhost:4199/assets/echarts-Cfiu5z2J.js:22:54983)
    at t.<anonymous> (http://localhost:4199/assets/echarts-Cfiu5z2J.js:22:54880)
    at t.eachComponent (http://localhost:4199/assets/echarts-Cfiu5z2J.js:16:96687)
